Archive member included to satisfy reference by file (symbol)

/usr/lib/gcc/avr/7.3.0/avr5/libgcc.a(_exit.o)
                              /usr/lib/gcc/avr/7.3.0/../../../../avr/lib/avr5/crtatmega32u4.o (exit)
/usr/lib/gcc/avr/7.3.0/../../../../avr/lib/avr5/libatmega32u4.a(eerd_byte.o)
                              HoodLoader2.o (symbol from plugin) (eeprom_read_byte)
/usr/lib/gcc/avr/7.3.0/../../../../avr/lib/avr5/libatmega32u4.a(eeupd_byte.o)
                              ../lufa-LUFA-140928/LUFA/Drivers/USB/Core/AVR8/EndpointStream_AVR8.o (symbol from plugin) (eeprom_update_byte)
/usr/lib/gcc/avr/7.3.0/../../../../avr/lib/avr5/libatmega32u4.a(eewr_byte.o)
                              HoodLoader2.o (symbol from plugin) (eeprom_write_byte)
/usr/lib/gcc/avr/7.3.0/avr5/libgcc.a(_udivmodsi4.o)
                              /tmp/ccWwpcOo.ltrans0.ltrans.o (__udivmodsi4)
/usr/lib/gcc/avr/7.3.0/avr5/libgcc.a(_copy_data.o)
                              /tmp/ccWwpcOo.ltrans0.ltrans.o (__do_copy_data)
/usr/lib/gcc/avr/7.3.0/avr5/libgcc.a(_clear_bss.o)
                              /tmp/ccWwpcOo.ltrans0.ltrans.o (__do_clear_bss)

Allocating common symbols
Common symbol       size              file

USB_IsInitialized   0x1               ../lufa-LUFA-140928/LUFA/Drivers/USB/Core/USBTask.o (symbol from plugin)
USB_Device_ConfigurationNumber
                    0x1               ../lufa-LUFA-140928/LUFA/Drivers/USB/Core/DeviceStandardReq.o (symbol from plugin)
USB_ControlRequest  0x8               ../lufa-LUFA-140928/LUFA/Drivers/USB/Core/USBTask.o (symbol from plugin)

Discarded input sections

 .data          0x0000000000000000        0x0 /usr/lib/gcc/avr/7.3.0/../../../../avr/lib/avr5/crtatmega32u4.o
 .bss           0x0000000000000000        0x0 /usr/lib/gcc/avr/7.3.0/../../../../avr/lib/avr5/crtatmega32u4.o
 .text          0x0000000000000000        0x0 BootloaderAPITable.o
 .data          0x0000000000000000        0x0 BootloaderAPITable.o
 .bss           0x0000000000000000        0x0 BootloaderAPITable.o
 .text          0x0000000000000000        0x0 /usr/lib/gcc/avr/7.3.0/avr5/libgcc.a(_exit.o)
 .data          0x0000000000000000        0x0 /usr/lib/gcc/avr/7.3.0/avr5/libgcc.a(_exit.o)
 .bss           0x0000000000000000        0x0 /usr/lib/gcc/avr/7.3.0/avr5/libgcc.a(_exit.o)
 .text.libgcc.mul
                0x0000000000000000        0x0 /usr/lib/gcc/avr/7.3.0/avr5/libgcc.a(_exit.o)
 .text.libgcc.div
                0x0000000000000000        0x0 /usr/lib/gcc/avr/7.3.0/avr5/libgcc.a(_exit.o)
 .text.libgcc   0x0000000000000000        0x0 /usr/lib/gcc/avr/7.3.0/avr5/libgcc.a(_exit.o)
 .text.libgcc.prologue
                0x0000000000000000        0x0 /usr/lib/gcc/avr/7.3.0/avr5/libgcc.a(_exit.o)
 .text.libgcc.builtins
                0x0000000000000000        0x0 /usr/lib/gcc/avr/7.3.0/avr5/libgcc.a(_exit.o)
 .text.libgcc.fmul
                0x0000000000000000        0x0 /usr/lib/gcc/avr/7.3.0/avr5/libgcc.a(_exit.o)
 .text.libgcc.fixed
                0x0000000000000000        0x0 /usr/lib/gcc/avr/7.3.0/avr5/libgcc.a(_exit.o)
 .text          0x0000000000000000        0x0 /usr/lib/gcc/avr/7.3.0/../../../../avr/lib/avr5/libatmega32u4.a(eerd_byte.o)
 .data          0x0000000000000000        0x0 /usr/lib/gcc/avr/7.3.0/../../../../avr/lib/avr5/libatmega32u4.a(eerd_byte.o)
 .bss           0x0000000000000000        0x0 /usr/lib/gcc/avr/7.3.0/../../../../avr/lib/avr5/libatmega32u4.a(eerd_byte.o)
 .text          0x0000000000000000        0x0 /usr/lib/gcc/avr/7.3.0/../../../../avr/lib/avr5/libatmega32u4.a(eeupd_byte.o)
 .data          0x0000000000000000        0x0 /usr/lib/gcc/avr/7.3.0/../../../../avr/lib/avr5/libatmega32u4.a(eeupd_byte.o)
 .bss           0x0000000000000000        0x0 /usr/lib/gcc/avr/7.3.0/../../../../avr/lib/avr5/libatmega32u4.a(eeupd_byte.o)
 .text.avr-libc
                0x0000000000000000       0x24 /usr/lib/gcc/avr/7.3.0/../../../../avr/lib/avr5/libatmega32u4.a(eeupd_byte.o)
 .text          0x0000000000000000        0x0 /usr/lib/gcc/avr/7.3.0/../../../../avr/lib/avr5/libatmega32u4.a(eewr_byte.o)
 .data          0x0000000000000000        0x0 /usr/lib/gcc/avr/7.3.0/../../../../avr/lib/avr5/libatmega32u4.a(eewr_byte.o)
 .bss           0x0000000000000000        0x0 /usr/lib/gcc/avr/7.3.0/../../../../avr/lib/avr5/libatmega32u4.a(eewr_byte.o)
 .text          0x0000000000000000        0x0 /usr/lib/gcc/avr/7.3.0/avr5/libgcc.a(_udivmodsi4.o)
 .data          0x0000000000000000        0x0 /usr/lib/gcc/avr/7.3.0/avr5/libgcc.a(_udivmodsi4.o)
 .bss           0x0000000000000000        0x0 /usr/lib/gcc/avr/7.3.0/avr5/libgcc.a(_udivmodsi4.o)
 .text.libgcc.mul
                0x0000000000000000        0x0 /usr/lib/gcc/avr/7.3.0/avr5/libgcc.a(_udivmodsi4.o)
 .text.libgcc   0x0000000000000000        0x0 /usr/lib/gcc/avr/7.3.0/avr5/libgcc.a(_udivmodsi4.o)
 .text.libgcc.prologue
                0x0000000000000000        0x0 /usr/lib/gcc/avr/7.3.0/avr5/libgcc.a(_udivmodsi4.o)
 .text.libgcc.builtins
                0x0000000000000000        0x0 /usr/lib/gcc/avr/7.3.0/avr5/libgcc.a(_udivmodsi4.o)
 .text.libgcc.fmul
                0x0000000000000000        0x0 /usr/lib/gcc/avr/7.3.0/avr5/libgcc.a(_udivmodsi4.o)
 .text.libgcc.fixed
                0x0000000000000000        0x0 /usr/lib/gcc/avr/7.3.0/avr5/libgcc.a(_udivmodsi4.o)
 .text          0x0000000000000000        0x0 /usr/lib/gcc/avr/7.3.0/avr5/libgcc.a(_copy_data.o)
 .data          0x0000000000000000        0x0 /usr/lib/gcc/avr/7.3.0/avr5/libgcc.a(_copy_data.o)
 .bss           0x0000000000000000        0x0 /usr/lib/gcc/avr/7.3.0/avr5/libgcc.a(_copy_data.o)
 .text.libgcc.mul
                0x0000000000000000        0x0 /usr/lib/gcc/avr/7.3.0/avr5/libgcc.a(_copy_data.o)
 .text.libgcc.div
                0x0000000000000000        0x0 /usr/lib/gcc/avr/7.3.0/avr5/libgcc.a(_copy_data.o)
 .text.libgcc   0x0000000000000000        0x0 /usr/lib/gcc/avr/7.3.0/avr5/libgcc.a(_copy_data.o)
 .text.libgcc.prologue
                0x0000000000000000        0x0 /usr/lib/gcc/avr/7.3.0/avr5/libgcc.a(_copy_data.o)
 .text.libgcc.builtins
                0x0000000000000000        0x0 /usr/lib/gcc/avr/7.3.0/avr5/libgcc.a(_copy_data.o)
 .text.libgcc.fmul
                0x0000000000000000        0x0 /usr/lib/gcc/avr/7.3.0/avr5/libgcc.a(_copy_data.o)
 .text.libgcc.fixed
                0x0000000000000000        0x0 /usr/lib/gcc/avr/7.3.0/avr5/libgcc.a(_copy_data.o)
 .text          0x0000000000000000        0x0 /usr/lib/gcc/avr/7.3.0/avr5/libgcc.a(_clear_bss.o)
 .data          0x0000000000000000        0x0 /usr/lib/gcc/avr/7.3.0/avr5/libgcc.a(_clear_bss.o)
 .bss           0x0000000000000000        0x0 /usr/lib/gcc/avr/7.3.0/avr5/libgcc.a(_clear_bss.o)
 .text.libgcc.mul
                0x0000000000000000        0x0 /usr/lib/gcc/avr/7.3.0/avr5/libgcc.a(_clear_bss.o)
 .text.libgcc.div
                0x0000000000000000        0x0 /usr/lib/gcc/avr/7.3.0/avr5/libgcc.a(_clear_bss.o)
 .text.libgcc   0x0000000000000000        0x0 /usr/lib/gcc/avr/7.3.0/avr5/libgcc.a(_clear_bss.o)
 .text.libgcc.prologue
                0x0000000000000000        0x0 /usr/lib/gcc/avr/7.3.0/avr5/libgcc.a(_clear_bss.o)
 .text.libgcc.builtins
                0x0000000000000000        0x0 /usr/lib/gcc/avr/7.3.0/avr5/libgcc.a(_clear_bss.o)
 .text.libgcc.fmul
                0x0000000000000000        0x0 /usr/lib/gcc/avr/7.3.0/avr5/libgcc.a(_clear_bss.o)
 .text.libgcc.fixed
                0x0000000000000000        0x0 /usr/lib/gcc/avr/7.3.0/avr5/libgcc.a(_clear_bss.o)

Memory Configuration

Name             Origin             Length             Attributes
text             0x0000000000000000 0x0000000000020000 xr
data             0x0000000000800060 0x000000000000ffa0 rw !x
eeprom           0x0000000000810000 0x0000000000010000 rw !x
fuse             0x0000000000820000 0x0000000000000400 rw !x
lock             0x0000000000830000 0x0000000000000400 rw !x
signature        0x0000000000840000 0x0000000000000400 rw !x
user_signatures  0x0000000000850000 0x0000000000000400 rw !x
*default*        0x0000000000000000 0xffffffffffffffff

Linker script and memory map

Address of section .data set to 0x800100
LOAD /usr/lib/gcc/avr/7.3.0/../../../../avr/lib/avr5/crtatmega32u4.o
LOAD /tmp/ccWwpcOo.ltrans0.ltrans.o
LOAD BootloaderAPITable.o
LOAD /usr/lib/gcc/avr/7.3.0/../../../../avr/lib/avr5/libm.a
Address of section .text set to 0x7000
Address of section .apitable_trampolines set to 0x7fa0
Address of section .apitable_jumptable set to 0x7fe0
Address of section .apitable_signatures set to 0x7ff8
Address of section .data set to 0x800282
START GROUP
LOAD /usr/lib/gcc/avr/7.3.0/avr5/libgcc.a
LOAD /usr/lib/gcc/avr/7.3.0/../../../../avr/lib/avr5/libm.a
LOAD /usr/lib/gcc/avr/7.3.0/../../../../avr/lib/avr5/libc.a
LOAD /usr/lib/gcc/avr/7.3.0/../../../../avr/lib/avr5/libatmega32u4.a
END GROUP
                0x0000000000020000                __TEXT_REGION_LENGTH__ = DEFINED (__TEXT_REGION_LENGTH__)?__TEXT_REGION_LENGTH__:0x20000
                0x000000000000ffa0                __DATA_REGION_LENGTH__ = DEFINED (__DATA_REGION_LENGTH__)?__DATA_REGION_LENGTH__:0xffa0
                0x0000000000010000                __EEPROM_REGION_LENGTH__ = DEFINED (__EEPROM_REGION_LENGTH__)?__EEPROM_REGION_LENGTH__:0x10000
                0x0000000000000400                __FUSE_REGION_LENGTH__ = DEFINED (__FUSE_REGION_LENGTH__)?__FUSE_REGION_LENGTH__:0x400
                0x0000000000000400                __LOCK_REGION_LENGTH__ = DEFINED (__LOCK_REGION_LENGTH__)?__LOCK_REGION_LENGTH__:0x400
                0x0000000000000400                __SIGNATURE_REGION_LENGTH__ = DEFINED (__SIGNATURE_REGION_LENGTH__)?__SIGNATURE_REGION_LENGTH__:0x400
                0x0000000000000400                __USER_SIGNATURE_REGION_LENGTH__ = DEFINED (__USER_SIGNATURE_REGION_LENGTH__)?__USER_SIGNATURE_REGION_LENGTH__:0x400

.hash
 *(.hash)

.dynsym
 *(.dynsym)

.dynstr
 *(.dynstr)

.gnu.version
 *(.gnu.version)

.gnu.version_d
 *(.gnu.version_d)

.gnu.version_r
 *(.gnu.version_r)

.rel.init
 *(.rel.init)

.rela.init
 *(.rela.init)

.rel.text
 *(.rel.text)
 *(.rel.text.*)
 *(.rel.gnu.linkonce.t*)

.rela.text
 *(.rela.text)
 *(.rela.text.*)
 *(.rela.gnu.linkonce.t*)

.rel.fini
 *(.rel.fini)

.rela.fini
 *(.rela.fini)

.rel.rodata
 *(.rel.rodata)
 *(.rel.rodata.*)
 *(.rel.gnu.linkonce.r*)

.rela.rodata
 *(.rela.rodata)
 *(.rela.rodata.*)
 *(.rela.gnu.linkonce.r*)

.rel.data
 *(.rel.data)
 *(.rel.data.*)
 *(.rel.gnu.linkonce.d*)

.rela.data
 *(.rela.data)
 *(.rela.data.*)
 *(.rela.gnu.linkonce.d*)

.rel.ctors
 *(.rel.ctors)

.rela.ctors
 *(.rela.ctors)

.rel.dtors
 *(.rel.dtors)

.rela.dtors
 *(.rela.dtors)

.rel.got
 *(.rel.got)

.rela.got
 *(.rela.got)

.rel.bss
 *(.rel.bss)

.rela.bss
 *(.rela.bss)

.rel.plt
 *(.rel.plt)

.rela.plt
 *(.rela.plt)

.text           0x0000000000007000      0xed4
 *(.vectors)
 .vectors       0x0000000000007000       0xac /usr/lib/gcc/avr/7.3.0/../../../../avr/lib/avr5/crtatmega32u4.o
                0x0000000000007000                __vectors
                0x0000000000007000                __vector_default
 *(.vectors)
 *(.progmem.gcc*)
                0x00000000000070ac                . = ALIGN (0x2)
                0x00000000000070ac                __trampolines_start = .
 *(.trampolines)
 .trampolines   0x00000000000070ac        0x0 linker stubs
 *(.trampolines*)
                0x00000000000070ac                __trampolines_end = .
 *libprintf_flt.a:*(.progmem.data)
 *libc.a:*(.progmem.data)
 *(.progmem.*)
                0x00000000000070ac                . = ALIGN (0x2)
 *(.lowtext)
 *(.lowtext*)
                0x00000000000070ac                __ctors_start = .
 *(.ctors)
                0x00000000000070ac                __ctors_end = .
                0x00000000000070ac                __dtors_start = .
 *(.dtors)
                0x00000000000070ac                __dtors_end = .
 SORT_BY_NAME(*)(.ctors)
 SORT_BY_NAME(*)(.dtors)
 *(.init0)
 .init0         0x00000000000070ac        0x0 /usr/lib/gcc/avr/7.3.0/../../../../avr/lib/avr5/crtatmega32u4.o
                0x00000000000070ac                __init
 *(.init0)
 *(.init1)
 *(.init1)
 *(.init2)
 .init2         0x00000000000070ac        0xc /usr/lib/gcc/avr/7.3.0/../../../../avr/lib/avr5/crtatmega32u4.o
 *(.init2)
 *(.init3)
 .init3         0x00000000000070b8       0x84 /tmp/ccWwpcOo.ltrans0.ltrans.o
                0x00000000000070b8                Application_Jump_Check
 *(.init3)
 *(.init4)
 .init4         0x000000000000713c       0x16 /usr/lib/gcc/avr/7.3.0/avr5/libgcc.a(_copy_data.o)
                0x000000000000713c                __do_copy_data
 .init4         0x0000000000007152       0x10 /usr/lib/gcc/avr/7.3.0/avr5/libgcc.a(_clear_bss.o)
                0x0000000000007152                __do_clear_bss
 *(.init4)
 *(.init5)
 *(.init5)
 *(.init6)
 *(.init6)
 *(.init7)
 *(.init7)
 *(.init8)
 *(.init8)
 *(.init9)
 .init9         0x0000000000007162        0x4 /usr/lib/gcc/avr/7.3.0/../../../../avr/lib/avr5/crtatmega32u4.o
 *(.init9)
 *(.text)
 .text          0x0000000000007166        0x2 /usr/lib/gcc/avr/7.3.0/../../../../avr/lib/avr5/crtatmega32u4.o
                0x0000000000007166                __vector_38
                0x0000000000007166                __vector_22
                0x0000000000007166                __vector_28
                0x0000000000007166                __vector_1
                0x0000000000007166                __vector_32
                0x0000000000007166                __vector_34
                0x0000000000007166                __vector_24
                0x0000000000007166                __vector_12
                0x0000000000007166                __bad_interrupt
                0x0000000000007166                __vector_6
                0x0000000000007166                __vector_31
                0x0000000000007166                __vector_35
                0x0000000000007166                __vector_39
                0x0000000000007166                __vector_3
                0x0000000000007166                __vector_23
                0x0000000000007166                __vector_30
                0x0000000000007166                __vector_11
                0x0000000000007166                __vector_13
                0x0000000000007166                __vector_17
                0x0000000000007166                __vector_19
                0x0000000000007166                __vector_7
                0x0000000000007166                __vector_41
                0x0000000000007166                __vector_27
                0x0000000000007166                __vector_5
                0x0000000000007166                __vector_33
                0x0000000000007166                __vector_37
                0x0000000000007166                __vector_4
                0x0000000000007166                __vector_9
                0x0000000000007166                __vector_2
                0x0000000000007166                __vector_21
                0x0000000000007166                __vector_15
                0x0000000000007166                __vector_36
                0x0000000000007166                __vector_29
                0x0000000000007166                __vector_40
                0x0000000000007166                __vector_8
                0x0000000000007166                __vector_14
                0x0000000000007166                __vector_16
                0x0000000000007166                __vector_18
                0x0000000000007166                __vector_20
                0x0000000000007166                __vector_42
 .text          0x0000000000007168      0x7b2 /tmp/ccWwpcOo.ltrans0.ltrans.o
                0x00000000000076e8                __vector_10
                0x000000000000783e                BootloaderAPI_WriteLock
                0x000000000000785a                BootloaderAPI_ReadLock
                0x0000000000007868                BootloaderAPI_ReadFuse
                0x0000000000007874                BootloaderAPI_ReadSignature
                0x0000000000007880                BootloaderAPI_FillWord
                0x000000000000789a                BootloaderAPI_WritePage
                0x00000000000078be                BootloaderAPI_ErasePage
                0x00000000000078e2                __vector_26
                0x0000000000007908                __vector_25
                0x000000000000791a                . = ALIGN (0x2)
 *(.text.*)
 .text.startup  0x000000000000791a      0x546 /tmp/ccWwpcOo.ltrans0.ltrans.o
                0x000000000000791a                main
 .text.avr-libc
                0x0000000000007e60       0x10 /usr/lib/gcc/avr/7.3.0/../../../../avr/lib/avr5/libatmega32u4.a(eerd_byte.o)
                0x0000000000007e60                eeprom_read_byte
 .text.avr-libc
                0x0000000000007e70       0x1c /usr/lib/gcc/avr/7.3.0/../../../../avr/lib/avr5/libatmega32u4.a(eewr_byte.o)
                0x0000000000007e70                eeprom_write_byte
                0x0000000000007e72                eeprom_write_r18
 .text.libgcc.div
                0x0000000000007e8c       0x44 /usr/lib/gcc/avr/7.3.0/avr5/libgcc.a(_udivmodsi4.o)
                0x0000000000007e8c                __udivmodsi4
                0x0000000000007ed0                . = ALIGN (0x2)
 *(.fini9)
 .fini9         0x0000000000007ed0        0x0 /usr/lib/gcc/avr/7.3.0/avr5/libgcc.a(_exit.o)
                0x0000000000007ed0                exit
                0x0000000000007ed0                _exit
 *(.fini9)
 *(.fini8)
 *(.fini8)
 *(.fini7)
 *(.fini7)
 *(.fini6)
 *(.fini6)
 *(.fini5)
 *(.fini5)
 *(.fini4)
 *(.fini4)
 *(.fini3)
 *(.fini3)
 *(.fini2)
 *(.fini2)
 *(.fini1)
 *(.fini1)
 *(.fini0)
 .fini0         0x0000000000007ed0        0x4 /usr/lib/gcc/avr/7.3.0/avr5/libgcc.a(_exit.o)
 *(.fini0)
 *(.hightext)
 *(.hightext*)
 *(.progmemx.*)
                0x0000000000007ed4                . = ALIGN (0x2)
 *(.jumptables)
 *(.jumptables*)
                0x0000000000007ed4                _etext = .

.data           0x0000000000800282       0x9a load address 0x0000000000007ed4
                0x0000000000800282                PROVIDE (__data_start = .)
 *(.data)
 .data          0x0000000000800282        0x8 /tmp/ccWwpcOo.ltrans0.ltrans.o
 *(.data*)
 *(.gnu.linkonce.d*)
 *(.rodata)
 .rodata        0x000000000080028a       0x8a /tmp/ccWwpcOo.ltrans0.ltrans.o
 *(.rodata*)
 .rodata.str1.1
                0x0000000000800314        0x8 /tmp/ccWwpcOo.ltrans0.ltrans.o
 *(.gnu.linkonce.r*)
                0x000000000080031c                . = ALIGN (0x2)
                0x000000000080031c                _edata = .
                0x000000000080031c                PROVIDE (__data_end = .)

.bss            0x000000000080031c       0x11
                0x000000000080031c                PROVIDE (__bss_start = .)
 *(.bss)
 .bss           0x000000000080031c       0x11 /tmp/ccWwpcOo.ltrans0.ltrans.o
 *(.bss*)
 *(COMMON)
                0x000000000080032d                PROVIDE (__bss_end = .)
                0x0000000000007ed4                __data_load_start = LOADADDR (.data)
                0x0000000000007f6e                __data_load_end = (__data_load_start + SIZEOF (.data))

.noinit         0x000000000080032d        0x0
                [!provide]                        PROVIDE (__noinit_start = .)
 *(.noinit*)
                [!provide]                        PROVIDE (__noinit_end = .)
                0x000000000080032d                _end = .
                [!provide]                        PROVIDE (__heap_start = .)

.eeprom         0x0000000000810000        0x0
 *(.eeprom*)
                0x0000000000810000                __eeprom_end = .

.fuse
 *(.fuse)
 *(.lfuse)
 *(.hfuse)
 *(.efuse)

.lock
 *(.lock*)

.signature
 *(.signature*)

.stab
 *(.stab)

.stabstr
 *(.stabstr)

.stab.excl
 *(.stab.excl)

.stab.exclstr
 *(.stab.exclstr)

.stab.index
 *(.stab.index)

.stab.indexstr
 *(.stab.indexstr)

.comment        0x0000000000000000       0x11
 *(.comment)
 .comment       0x0000000000000000       0x11 /tmp/ccWwpcOo.ltrans0.ltrans.o
                                         0x12 (size before relaxing)

.note.gnu.avr.deviceinfo
                0x0000000000000000       0x40
 .note.gnu.avr.deviceinfo
                0x0000000000000000       0x40 /usr/lib/gcc/avr/7.3.0/../../../../avr/lib/avr5/crtatmega32u4.o

.note.gnu.build-id
 *(.note.gnu.build-id)

.debug
 *(.debug)

.line
 *(.line)

.debug_srcinfo
 *(.debug_srcinfo)

.debug_sfnames
 *(.debug_sfnames)

.debug_aranges  0x0000000000000000       0x28
 *(.debug_aranges)
 .debug_aranges
                0x0000000000000000       0x28 BootloaderAPITable.o

.debug_pubnames
 *(.debug_pubnames)

.debug_info     0x0000000000000000      0xa16
 *(.debug_info .gnu.linkonce.wi.*)
 .debug_info    0x0000000000000000      0x9f4 /usr/lib/gcc/avr/7.3.0/../../../../avr/lib/avr5/crtatmega32u4.o
 .debug_info    0x00000000000009f4       0x22 BootloaderAPITable.o

.debug_abbrev   0x0000000000000000      0x97c
 *(.debug_abbrev)
 .debug_abbrev  0x0000000000000000      0x96a /usr/lib/gcc/avr/7.3.0/../../../../avr/lib/avr5/crtatmega32u4.o
 .debug_abbrev  0x000000000000096a       0x12 BootloaderAPITable.o

.debug_line     0x0000000000000000       0xf7
 *(.debug_line .debug_line.* .debug_line_end)
 .debug_line    0x0000000000000000       0x1d /usr/lib/gcc/avr/7.3.0/../../../../avr/lib/avr5/crtatmega32u4.o
 .debug_line    0x000000000000001d       0xda BootloaderAPITable.o

.debug_frame
 *(.debug_frame)

.debug_str      0x0000000000000000      0x3e8
 *(.debug_str)
 .debug_str     0x0000000000000000      0x371 /usr/lib/gcc/avr/7.3.0/../../../../avr/lib/avr5/crtatmega32u4.o
 .debug_str     0x0000000000000371       0x77 BootloaderAPITable.o

.debug_loc
 *(.debug_loc)

.debug_macinfo
 *(.debug_macinfo)

.debug_weaknames
 *(.debug_weaknames)

.debug_funcnames
 *(.debug_funcnames)

.debug_typenames
 *(.debug_typenames)

.debug_varnames
 *(.debug_varnames)

.debug_pubtypes
 *(.debug_pubtypes)

.debug_ranges   0x0000000000000000       0x20
 *(.debug_ranges)
 .debug_ranges  0x0000000000000000       0x20 BootloaderAPITable.o

.debug_macro
 *(.debug_macro)

.debug_addr
 *(.debug_addr)
OUTPUT(HoodLoader2.elf elf32-avr)
LOAD linker stubs

.apitable_trampolines
                0x0000000000007fa0       0x18
 .apitable_trampolines
                0x0000000000007fa0       0x18 BootloaderAPITable.o
                0x0000000000007fa0                BootloaderAPI_Trampolines

.apitable_jumptable
                0x0000000000007fe0       0x18
 .apitable_jumptable
                0x0000000000007fe0       0x18 BootloaderAPITable.o
                0x0000000000007fe0                BootloaderAPI_JumpTable

.apitable_signatures
                0x0000000000007ff8        0x8
 .apitable_signatures
                0x0000000000007ff8        0x8 BootloaderAPITable.o
                0x0000000000007ff8                BootloaderAPI_Signatures

Cross Reference Table

Symbol                                            File
Application_Jump_Check                            /tmp/ccWwpcOo.ltrans0.ltrans.o
                                                  HoodLoader2.o (symbol from plugin)
BootloaderAPI_ErasePage                           /tmp/ccWwpcOo.ltrans0.ltrans.o
                                                  BootloaderAPI.o (symbol from plugin)
                                                  BootloaderAPITable.o
BootloaderAPI_FillWord                            /tmp/ccWwpcOo.ltrans0.ltrans.o
                                                  BootloaderAPI.o (symbol from plugin)
                                                  BootloaderAPITable.o
BootloaderAPI_JumpTable                           BootloaderAPITable.o
BootloaderAPI_ReadFuse                            /tmp/ccWwpcOo.ltrans0.ltrans.o
                                                  BootloaderAPI.o (symbol from plugin)
                                                  BootloaderAPITable.o
BootloaderAPI_ReadLock                            /tmp/ccWwpcOo.ltrans0.ltrans.o
                                                  BootloaderAPI.o (symbol from plugin)
                                                  BootloaderAPITable.o
BootloaderAPI_ReadSignature                       /tmp/ccWwpcOo.ltrans0.ltrans.o
                                                  BootloaderAPI.o (symbol from plugin)
                                                  BootloaderAPITable.o
BootloaderAPI_Signatures                          BootloaderAPITable.o
BootloaderAPI_Trampolines                         BootloaderAPITable.o
BootloaderAPI_WriteLock                           /tmp/ccWwpcOo.ltrans0.ltrans.o
                                                  BootloaderAPI.o (symbol from plugin)
                                                  BootloaderAPITable.o
BootloaderAPI_WritePage                           /tmp/ccWwpcOo.ltrans0.ltrans.o
                                                  BootloaderAPI.o (symbol from plugin)
                                                  BootloaderAPITable.o
CALLBACK_HIDParser_FilterHIDReportItem            ../lufa-LUFA-140928/LUFA/Drivers/USB/Class/Common/HIDParser.o (symbol from plugin)
CALLBACK_USB_GetDescriptor                        Descriptors.o (symbol from plugin)
                                                  ../lufa-LUFA-140928/LUFA/Drivers/USB/Core/DeviceStandardReq.o (symbol from plugin)
ConfigurationDescriptor                           Descriptors.o (symbol from plugin)
DeviceDescriptor                                  Descriptors.o (symbol from plugin)
EVENT_USB_Device_ConfigurationChanged             HoodLoader2.o (symbol from plugin)
                                                  ../lufa-LUFA-140928/LUFA/Drivers/USB/Core/DeviceStandardReq.o (symbol from plugin)
EVENT_USB_Device_Connect                          ../lufa-LUFA-140928/LUFA/Drivers/USB/Core/Events.o (symbol from plugin)
                                                  ../lufa-LUFA-140928/LUFA/Drivers/USB/Core/AVR8/USBInterrupt_AVR8.o (symbol from plugin)
EVENT_USB_Device_ControlRequest                   HoodLoader2.o (symbol from plugin)
                                                  ../lufa-LUFA-140928/LUFA/Drivers/USB/Core/DeviceStandardReq.o (symbol from plugin)
EVENT_USB_Device_Disconnect                       ../lufa-LUFA-140928/LUFA/Drivers/USB/Core/Events.o (symbol from plugin)
                                                  ../lufa-LUFA-140928/LUFA/Drivers/USB/Core/AVR8/USBInterrupt_AVR8.o (symbol from plugin)
EVENT_USB_Device_Reset                            ../lufa-LUFA-140928/LUFA/Drivers/USB/Core/Events.o (symbol from plugin)
                                                  ../lufa-LUFA-140928/LUFA/Drivers/USB/Core/AVR8/USBInterrupt_AVR8.o (symbol from plugin)
EVENT_USB_Device_StartOfFrame                     ../lufa-LUFA-140928/LUFA/Drivers/USB/Core/Events.o (symbol from plugin)
EVENT_USB_Device_Suspend                          ../lufa-LUFA-140928/LUFA/Drivers/USB/Core/Events.o (symbol from plugin)
                                                  ../lufa-LUFA-140928/LUFA/Drivers/USB/Core/AVR8/USBInterrupt_AVR8.o (symbol from plugin)
EVENT_USB_Device_WakeUp                           ../lufa-LUFA-140928/LUFA/Drivers/USB/Core/Events.o (symbol from plugin)
                                                  ../lufa-LUFA-140928/LUFA/Drivers/USB/Core/AVR8/USBInterrupt_AVR8.o (symbol from plugin)
Endpoint_ClearEndpoints                           ../lufa-LUFA-140928/LUFA/Drivers/USB/Core/AVR8/Endpoint_AVR8.o (symbol from plugin)
Endpoint_ClearStatusStage                         ../lufa-LUFA-140928/LUFA/Drivers/USB/Core/AVR8/Endpoint_AVR8.o (symbol from plugin)
                                                  ../lufa-LUFA-140928/LUFA/Drivers/USB/Core/DeviceStandardReq.o (symbol from plugin)
                                                  HoodLoader2.o (symbol from plugin)
Endpoint_ConfigureEndpointTable                   ../lufa-LUFA-140928/LUFA/Drivers/USB/Core/AVR8/Endpoint_AVR8.o (symbol from plugin)
Endpoint_ConfigureEndpoint_Prv                    ../lufa-LUFA-140928/LUFA/Drivers/USB/Core/AVR8/Endpoint_AVR8.o (symbol from plugin)
                                                  ../lufa-LUFA-140928/LUFA/Drivers/USB/Core/AVR8/USBInterrupt_AVR8.o (symbol from plugin)
                                                  ../lufa-LUFA-140928/LUFA/Drivers/USB/Core/AVR8/USBController_AVR8.o (symbol from plugin)
                                                  HoodLoader2.o (symbol from plugin)
Endpoint_Discard_Stream                           ../lufa-LUFA-140928/LUFA/Drivers/USB/Core/AVR8/EndpointStream_AVR8.o (symbol from plugin)
Endpoint_Null_Stream                              ../lufa-LUFA-140928/LUFA/Drivers/USB/Core/AVR8/EndpointStream_AVR8.o (symbol from plugin)
Endpoint_Read_Control_EStream_BE                  ../lufa-LUFA-140928/LUFA/Drivers/USB/Core/AVR8/EndpointStream_AVR8.o (symbol from plugin)
Endpoint_Read_Control_EStream_LE                  ../lufa-LUFA-140928/LUFA/Drivers/USB/Core/AVR8/EndpointStream_AVR8.o (symbol from plugin)
Endpoint_Read_Control_Stream_BE                   ../lufa-LUFA-140928/LUFA/Drivers/USB/Core/AVR8/EndpointStream_AVR8.o (symbol from plugin)
Endpoint_Read_Control_Stream_LE                   ../lufa-LUFA-140928/LUFA/Drivers/USB/Core/AVR8/EndpointStream_AVR8.o (symbol from plugin)
Endpoint_Read_EStream_BE                          ../lufa-LUFA-140928/LUFA/Drivers/USB/Core/AVR8/EndpointStream_AVR8.o (symbol from plugin)
Endpoint_Read_EStream_LE                          ../lufa-LUFA-140928/LUFA/Drivers/USB/Core/AVR8/EndpointStream_AVR8.o (symbol from plugin)
Endpoint_Read_Stream_BE                           ../lufa-LUFA-140928/LUFA/Drivers/USB/Core/AVR8/EndpointStream_AVR8.o (symbol from plugin)
Endpoint_Read_Stream_LE                           ../lufa-LUFA-140928/LUFA/Drivers/USB/Core/AVR8/EndpointStream_AVR8.o (symbol from plugin)
Endpoint_WaitUntilReady                           ../lufa-LUFA-140928/LUFA/Drivers/USB/Core/AVR8/Endpoint_AVR8.o (symbol from plugin)
                                                  ../lufa-LUFA-140928/LUFA/Drivers/USB/Core/AVR8/EndpointStream_AVR8.o (symbol from plugin)
Endpoint_Write_Control_EStream_BE                 ../lufa-LUFA-140928/LUFA/Drivers/USB/Core/AVR8/EndpointStream_AVR8.o (symbol from plugin)
Endpoint_Write_Control_EStream_LE                 ../lufa-LUFA-140928/LUFA/Drivers/USB/Core/AVR8/EndpointStream_AVR8.o (symbol from plugin)
Endpoint_Write_Control_PStream_BE                 ../lufa-LUFA-140928/LUFA/Drivers/USB/Core/AVR8/EndpointStream_AVR8.o (symbol from plugin)
Endpoint_Write_Control_PStream_LE                 ../lufa-LUFA-140928/LUFA/Drivers/USB/Core/AVR8/EndpointStream_AVR8.o (symbol from plugin)
Endpoint_Write_Control_Stream_BE                  ../lufa-LUFA-140928/LUFA/Drivers/USB/Core/AVR8/EndpointStream_AVR8.o (symbol from plugin)
Endpoint_Write_Control_Stream_LE                  ../lufa-LUFA-140928/LUFA/Drivers/USB/Core/AVR8/EndpointStream_AVR8.o (symbol from plugin)
                                                  ../lufa-LUFA-140928/LUFA/Drivers/USB/Core/DeviceStandardReq.o (symbol from plugin)
                                                  HoodLoader2.o (symbol from plugin)
Endpoint_Write_EStream_BE                         ../lufa-LUFA-140928/LUFA/Drivers/USB/Core/AVR8/EndpointStream_AVR8.o (symbol from plugin)
Endpoint_Write_EStream_LE                         ../lufa-LUFA-140928/LUFA/Drivers/USB/Core/AVR8/EndpointStream_AVR8.o (symbol from plugin)
Endpoint_Write_PStream_BE                         ../lufa-LUFA-140928/LUFA/Drivers/USB/Core/AVR8/EndpointStream_AVR8.o (symbol from plugin)
Endpoint_Write_PStream_LE                         ../lufa-LUFA-140928/LUFA/Drivers/USB/Core/AVR8/EndpointStream_AVR8.o (symbol from plugin)
Endpoint_Write_Stream_BE                          ../lufa-LUFA-140928/LUFA/Drivers/USB/Core/AVR8/EndpointStream_AVR8.o (symbol from plugin)
Endpoint_Write_Stream_LE                          ../lufa-LUFA-140928/LUFA/Drivers/USB/Core/AVR8/EndpointStream_AVR8.o (symbol from plugin)
LanguageString                                    Descriptors.o (symbol from plugin)
MagicBootKeyPtr                                   HoodLoader2.o (symbol from plugin)
ManufacturerString                                Descriptors.o (symbol from plugin)
ProductString                                     Descriptors.o (symbol from plugin)
SecondMagicBootKeyPtr                             HoodLoader2.o (symbol from plugin)
USB_ControlRequest                                ../lufa-LUFA-140928/LUFA/Drivers/USB/Core/USBTask.o (symbol from plugin)
                                                  ../lufa-LUFA-140928/LUFA/Drivers/USB/Core/DeviceStandardReq.o (symbol from plugin)
                                                  ../lufa-LUFA-140928/LUFA/Drivers/USB/Core/AVR8/Endpoint_AVR8.o (symbol from plugin)
                                                  ../lufa-LUFA-140928/LUFA/Drivers/USB/Core/AVR8/EndpointStream_AVR8.o (symbol from plugin)
                                                  HoodLoader2.o (symbol from plugin)
USB_Device_ConfigurationNumber                    ../lufa-LUFA-140928/LUFA/Drivers/USB/Core/DeviceStandardReq.o (symbol from plugin)
                                                  ../lufa-LUFA-140928/LUFA/Drivers/USB/Core/AVR8/USBInterrupt_AVR8.o (symbol from plugin)
                                                  ../lufa-LUFA-140928/LUFA/Drivers/USB/Core/AVR8/USBController_AVR8.o (symbol from plugin)
USB_Device_ProcessControlRequest                  ../lufa-LUFA-140928/LUFA/Drivers/USB/Core/DeviceStandardReq.o (symbol from plugin)
                                                  ../lufa-LUFA-140928/LUFA/Drivers/USB/Core/USBTask.o (symbol from plugin)
                                                  HoodLoader2.o (symbol from plugin)
USB_Device_SendRemoteWakeup                       ../lufa-LUFA-140928/LUFA/Drivers/USB/Core/AVR8/Device_AVR8.o (symbol from plugin)
USB_Disable                                       ../lufa-LUFA-140928/LUFA/Drivers/USB/Core/AVR8/USBController_AVR8.o (symbol from plugin)
USB_Event_Stub                                    ../lufa-LUFA-140928/LUFA/Drivers/USB/Core/Events.o (symbol from plugin)
USB_GetHIDReportItemInfo                          ../lufa-LUFA-140928/LUFA/Drivers/USB/Class/Common/HIDParser.o (symbol from plugin)
USB_GetHIDReportSize                              ../lufa-LUFA-140928/LUFA/Drivers/USB/Class/Common/HIDParser.o (symbol from plugin)
USB_GetNextDescriptorComp                         ../lufa-LUFA-140928/LUFA/Drivers/USB/Core/ConfigDescriptors.o (symbol from plugin)
USB_GetNextDescriptorOfType                       ../lufa-LUFA-140928/LUFA/Drivers/USB/Core/ConfigDescriptors.o (symbol from plugin)
USB_GetNextDescriptorOfTypeAfter                  ../lufa-LUFA-140928/LUFA/Drivers/USB/Core/ConfigDescriptors.o (symbol from plugin)
USB_GetNextDescriptorOfTypeBefore                 ../lufa-LUFA-140928/LUFA/Drivers/USB/Core/ConfigDescriptors.o (symbol from plugin)
USB_INT_ClearAllInterrupts                        ../lufa-LUFA-140928/LUFA/Drivers/USB/Core/AVR8/USBInterrupt_AVR8.o (symbol from plugin)
                                                  ../lufa-LUFA-140928/LUFA/Drivers/USB/Core/AVR8/USBController_AVR8.o (symbol from plugin)
USB_INT_DisableAllInterrupts                      ../lufa-LUFA-140928/LUFA/Drivers/USB/Core/AVR8/USBInterrupt_AVR8.o (symbol from plugin)
                                                  ../lufa-LUFA-140928/LUFA/Drivers/USB/Core/AVR8/USBController_AVR8.o (symbol from plugin)
USB_Init                                          ../lufa-LUFA-140928/LUFA/Drivers/USB/Core/AVR8/USBController_AVR8.o (symbol from plugin)
                                                  HoodLoader2.o (symbol from plugin)
USB_IsInitialized                                 ../lufa-LUFA-140928/LUFA/Drivers/USB/Core/USBTask.o (symbol from plugin)
                                                  ../lufa-LUFA-140928/LUFA/Drivers/USB/Core/AVR8/USBController_AVR8.o (symbol from plugin)
USB_ProcessHIDReport                              ../lufa-LUFA-140928/LUFA/Drivers/USB/Class/Common/HIDParser.o (symbol from plugin)
USB_ResetInterface                                ../lufa-LUFA-140928/LUFA/Drivers/USB/Core/AVR8/USBController_AVR8.o (symbol from plugin)
USB_SetHIDReportItemInfo                          ../lufa-LUFA-140928/LUFA/Drivers/USB/Class/Common/HIDParser.o (symbol from plugin)
USB_USBTask                                       ../lufa-LUFA-140928/LUFA/Drivers/USB/Core/USBTask.o (symbol from plugin)
                                                  ../lufa-LUFA-140928/LUFA/Drivers/USB/Core/AVR8/EndpointStream_AVR8.o (symbol from plugin)
__bad_interrupt                                   /usr/lib/gcc/avr/7.3.0/../../../../avr/lib/avr5/crtatmega32u4.o
__bss_end                                         /usr/lib/gcc/avr/7.3.0/avr5/libgcc.a(_clear_bss.o)
__bss_start                                       /usr/lib/gcc/avr/7.3.0/avr5/libgcc.a(_clear_bss.o)
__data_end                                        /usr/lib/gcc/avr/7.3.0/avr5/libgcc.a(_copy_data.o)
__data_load_start                                 /usr/lib/gcc/avr/7.3.0/avr5/libgcc.a(_copy_data.o)
__data_start                                      /usr/lib/gcc/avr/7.3.0/avr5/libgcc.a(_copy_data.o)
__do_clear_bss                                    /usr/lib/gcc/avr/7.3.0/avr5/libgcc.a(_clear_bss.o)
                                                  /tmp/ccWwpcOo.ltrans0.ltrans.o
__do_copy_data                                    /usr/lib/gcc/avr/7.3.0/avr5/libgcc.a(_copy_data.o)
                                                  /tmp/ccWwpcOo.ltrans0.ltrans.o
__heap_end                                        /usr/lib/gcc/avr/7.3.0/../../../../avr/lib/avr5/crtatmega32u4.o
__init                                            /usr/lib/gcc/avr/7.3.0/../../../../avr/lib/avr5/crtatmega32u4.o
__stack                                           /usr/lib/gcc/avr/7.3.0/../../../../avr/lib/avr5/crtatmega32u4.o
__udivmodsi4                                      /usr/lib/gcc/avr/7.3.0/avr5/libgcc.a(_udivmodsi4.o)
                                                  /tmp/ccWwpcOo.ltrans0.ltrans.o
__vector_1                                        /usr/lib/gcc/avr/7.3.0/../../../../avr/lib/avr5/crtatmega32u4.o
__vector_10                                       /tmp/ccWwpcOo.ltrans0.ltrans.o
                                                  ../lufa-LUFA-140928/LUFA/Drivers/USB/Core/AVR8/USBInterrupt_AVR8.o (symbol from plugin)
                                                  /usr/lib/gcc/avr/7.3.0/../../../../avr/lib/avr5/crtatmega32u4.o
__vector_11                                       /usr/lib/gcc/avr/7.3.0/../../../../avr/lib/avr5/crtatmega32u4.o
__vector_12                                       /usr/lib/gcc/avr/7.3.0/../../../../avr/lib/avr5/crtatmega32u4.o
__vector_13                                       /usr/lib/gcc/avr/7.3.0/../../../../avr/lib/avr5/crtatmega32u4.o
__vector_14                                       /usr/lib/gcc/avr/7.3.0/../../../../avr/lib/avr5/crtatmega32u4.o
__vector_15                                       /usr/lib/gcc/avr/7.3.0/../../../../avr/lib/avr5/crtatmega32u4.o
__vector_16                                       /usr/lib/gcc/avr/7.3.0/../../../../avr/lib/avr5/crtatmega32u4.o
__vector_17                                       /usr/lib/gcc/avr/7.3.0/../../../../avr/lib/avr5/crtatmega32u4.o
__vector_18                                       /usr/lib/gcc/avr/7.3.0/../../../../avr/lib/avr5/crtatmega32u4.o
__vector_19                                       /usr/lib/gcc/avr/7.3.0/../../../../avr/lib/avr5/crtatmega32u4.o
__vector_2                                        /usr/lib/gcc/avr/7.3.0/../../../../avr/lib/avr5/crtatmega32u4.o
__vector_20                                       /usr/lib/gcc/avr/7.3.0/../../../../avr/lib/avr5/crtatmega32u4.o
__vector_21                                       /usr/lib/gcc/avr/7.3.0/../../../../avr/lib/avr5/crtatmega32u4.o
__vector_22                                       /usr/lib/gcc/avr/7.3.0/../../../../avr/lib/avr5/crtatmega32u4.o
__vector_23                                       /usr/lib/gcc/avr/7.3.0/../../../../avr/lib/avr5/crtatmega32u4.o
__vector_24                                       /usr/lib/gcc/avr/7.3.0/../../../../avr/lib/avr5/crtatmega32u4.o
__vector_25                                       /tmp/ccWwpcOo.ltrans0.ltrans.o
                                                  HoodLoader2.o (symbol from plugin)
                                                  /usr/lib/gcc/avr/7.3.0/../../../../avr/lib/avr5/crtatmega32u4.o
__vector_26                                       /tmp/ccWwpcOo.ltrans0.ltrans.o
                                                  HoodLoader2.o (symbol from plugin)
                                                  /usr/lib/gcc/avr/7.3.0/../../../../avr/lib/avr5/crtatmega32u4.o
__vector_27                                       /usr/lib/gcc/avr/7.3.0/../../../../avr/lib/avr5/crtatmega32u4.o
__vector_28                                       /usr/lib/gcc/avr/7.3.0/../../../../avr/lib/avr5/crtatmega32u4.o
__vector_29                                       /usr/lib/gcc/avr/7.3.0/../../../../avr/lib/avr5/crtatmega32u4.o
__vector_3                                        /usr/lib/gcc/avr/7.3.0/../../../../avr/lib/avr5/crtatmega32u4.o
__vector_30                                       /usr/lib/gcc/avr/7.3.0/../../../../avr/lib/avr5/crtatmega32u4.o
__vector_31                                       /usr/lib/gcc/avr/7.3.0/../../../../avr/lib/avr5/crtatmega32u4.o
__vector_32                                       /usr/lib/gcc/avr/7.3.0/../../../../avr/lib/avr5/crtatmega32u4.o
__vector_33                                       /usr/lib/gcc/avr/7.3.0/../../../../avr/lib/avr5/crtatmega32u4.o
__vector_34                                       /usr/lib/gcc/avr/7.3.0/../../../../avr/lib/avr5/crtatmega32u4.o
__vector_35                                       /usr/lib/gcc/avr/7.3.0/../../../../avr/lib/avr5/crtatmega32u4.o
__vector_36                                       /usr/lib/gcc/avr/7.3.0/../../../../avr/lib/avr5/crtatmega32u4.o
__vector_37                                       /usr/lib/gcc/avr/7.3.0/../../../../avr/lib/avr5/crtatmega32u4.o
__vector_38                                       /usr/lib/gcc/avr/7.3.0/../../../../avr/lib/avr5/crtatmega32u4.o
__vector_39                                       /usr/lib/gcc/avr/7.3.0/../../../../avr/lib/avr5/crtatmega32u4.o
__vector_4                                        /usr/lib/gcc/avr/7.3.0/../../../../avr/lib/avr5/crtatmega32u4.o
__vector_40                                       /usr/lib/gcc/avr/7.3.0/../../../../avr/lib/avr5/crtatmega32u4.o
__vector_41                                       /usr/lib/gcc/avr/7.3.0/../../../../avr/lib/avr5/crtatmega32u4.o
__vector_42                                       /usr/lib/gcc/avr/7.3.0/../../../../avr/lib/avr5/crtatmega32u4.o
__vector_5                                        /usr/lib/gcc/avr/7.3.0/../../../../avr/lib/avr5/crtatmega32u4.o
__vector_6                                        /usr/lib/gcc/avr/7.3.0/../../../../avr/lib/avr5/crtatmega32u4.o
__vector_7                                        /usr/lib/gcc/avr/7.3.0/../../../../avr/lib/avr5/crtatmega32u4.o
__vector_8                                        /usr/lib/gcc/avr/7.3.0/../../../../avr/lib/avr5/crtatmega32u4.o
__vector_9                                        /usr/lib/gcc/avr/7.3.0/../../../../avr/lib/avr5/crtatmega32u4.o
__vector_default                                  /usr/lib/gcc/avr/7.3.0/../../../../avr/lib/avr5/crtatmega32u4.o
__vectors                                         /usr/lib/gcc/avr/7.3.0/../../../../avr/lib/avr5/crtatmega32u4.o
_exit                                             /usr/lib/gcc/avr/7.3.0/avr5/libgcc.a(_exit.o)
eeprom_read_byte                                  /usr/lib/gcc/avr/7.3.0/../../../../avr/lib/avr5/libatmega32u4.a(eerd_byte.o)
                                                  /tmp/ccWwpcOo.ltrans0.ltrans.o
                                                  ../lufa-LUFA-140928/LUFA/Drivers/USB/Core/AVR8/EndpointStream_AVR8.o (symbol from plugin)
                                                  HoodLoader2.o (symbol from plugin)
eeprom_update_byte                                /usr/lib/gcc/avr/7.3.0/../../../../avr/lib/avr5/libatmega32u4.a(eeupd_byte.o)
                                                  ../lufa-LUFA-140928/LUFA/Drivers/USB/Core/AVR8/EndpointStream_AVR8.o (symbol from plugin)
eeprom_update_r18                                 /usr/lib/gcc/avr/7.3.0/../../../../avr/lib/avr5/libatmega32u4.a(eeupd_byte.o)
eeprom_write_byte                                 /usr/lib/gcc/avr/7.3.0/../../../../avr/lib/avr5/libatmega32u4.a(eewr_byte.o)
                                                  /tmp/ccWwpcOo.ltrans0.ltrans.o
                                                  HoodLoader2.o (symbol from plugin)
eeprom_write_r18                                  /usr/lib/gcc/avr/7.3.0/../../../../avr/lib/avr5/libatmega32u4.a(eewr_byte.o)
exit                                              /usr/lib/gcc/avr/7.3.0/avr5/libgcc.a(_exit.o)
                                                  /usr/lib/gcc/avr/7.3.0/../../../../avr/lib/avr5/crtatmega32u4.o
main                                              /tmp/ccWwpcOo.ltrans0.ltrans.o
                                                  HoodLoader2.o (symbol from plugin)
                                                  /usr/lib/gcc/avr/7.3.0/../../../../avr/lib/avr5/crtatmega32u4.o
